Appel au constructeur de <Reader>
TOP 10 : 
/a | hit : 1
/b | hit : 1
