Appel au constructeur de <Reader>
TOP 10 : 
/.html | hit : 1
/.php | hit : 1
/.jpg.html | hit : 1
