Appel au constructeur de <Reader>
TOP 10 : 
/b | hit : 4
/a | hit : 2
/e | hit : 1
