Appel au constructeur de <Reader>
TOP 10 :
/notesif | hit : 2
/temps/5if49.html | hit : 1
/temps/3if7.html | hit : 1
/temps/4if4.ics | hit : 1
