Mandatory argument(s) missing
Usage: ../../bin/analog [-g filename] [-e] [-t time] logfile
